===== NODE / GPU =====
euclid-ral-gpu-2
GPU 0: NVIDIA A100 80GB PCIe (UUID: GPU-73cb24bd-0b7d-969d-c654-df7a4203fad7)
'' gpu [CudaDevice(id=0)]
########## RUN AdamLBFGS 12:24:57 ##########
2026-07-14 12:24:59,036 - jax._src.xla_bridge - INFO - Unable to initialize backend 'rocm': module 'jaxlib.xla_extension' has no attribute 'GpuAllocatorConfig'
2026-07-14 12:24:59,037 - jax._src.xla_bridge - INFO - Unable to initialize backend 'tpu': INTERNAL: Failed to open libtpu.so: libtpu.so: cannot open shared object file: No such file or directory
JAX backend: gpu  devices: [CudaDevice(id=0)]
2026-07-14 12:24:59,450 - autoarray.dataset.imaging.dataset - INFO - IMAGING - Data masked, contains a total of 15361 image-pixels
Model free parameters: 15  |  N_STARTS = 128
Collected 128 finite-gradient z-starts
Adam batched compile: 16.9 s

Stage 1: 128-start Adam for 300 steps (lr=0.01)...
  step    0: best log_posterior = -170516.91
  step   50: best log_posterior = -4612.36
  step  100: best log_posterior = 24147.26
  step  150: best log_posterior = 30046.79
  step  200: best log_posterior = 31649.86
  step  250: best log_posterior = 31776.25
Stage 1 done: Adam best log_posterior = 31786.60  (16.6 s)
Stage 2 done: L-BFGS polish, iters 1..200 (cap 200)  compile 399.8s solve 219.4s

3/128 polished starts in basin; polish gain over Adam = -6906.2012 nat

--- Adam->L-BFGS (128x) Results ---
Best fit:        lens.mass.einstein_radius=1.7348  lens.mass.centre=(0.002, 0.007)  shear=(0.1480, 0.0834)
Einstein radius: 1.7348     (truth ~ 1.6)
Max log L:       24881.1309     (log posterior = 24880.3953, log prior = -0.7355)
Log evidence:    n/a (point optimiser, not nested sampling)

--- Performance ---
Wall time:           670.37 s
Sampling time:       236.00 s     (wall - JIT compile)
JIT compile time:    434.37 s     (one-shot value_and_grad warm-up)
Likelihood evals:    52413     (fwd+grad evals; iterations: 500)
Time per eval:       0.4 ms     (post-compile fwd+grad)
ESS:                 n/a (point optimiser)
Posterior samples:   n/a (point optimiser)
Sampler config:      Adam 128x300 (lr=0.01) -> L-BFGS polish (maxiter=200); 3/128 in basin; polish +-6906.2012 nat

--- Evaluation accounting ---
Starts/particles:                128
stage1_adam_compile_s:           34.5
stage1_adam_loop_s:              16.6
stage1_scalar_grad_evals:        38400
stage1_adam_best_logpost:        31786.5977
stage2_lbfgs_compile_s:          399.8
stage2_lbfgs_solve_s:            219.4
stage2_scalar_grad_evals:        14013
stage2_polish_gain_nat:          -6906.2012
Peak GPU memory (MB):            5493.9

--- Convergence ---
Termination:         hybrid (Stage 1 user-budget; Stage 2 self-terminating)
Converged:           True
Evals to ML:         289     (first iter within 1 nat of max log posterior)
Time to ML:          643.65 s

Summary written to: /mnt/ral/jnightin/autolens_workspace_developer/searches_minimal/output/adam_then_lbfgs_n128_summary.txt

comparison row:
| Adam->L-BFGS (128x)          |    670.4 |    434.4 |    52413 |     24881.13 |   1.7348 | user-budget |     yes |
########## DONE AdamLBFGS rc=0 12:40:38 ##########
