===== NODE / GPU =====
euclid-ral-gpu-2
GPU 0: NVIDIA A100 80GB PCIe (UUID: GPU-c7fce8f4-b515-747c-91a1-d313668e2c65)
'' gpu [CudaDevice(id=0)]
########## RUN LM 12:24:54 ##########
2026-07-14 12:24:56,215 - jax._src.xla_bridge - INFO - Unable to initialize backend 'rocm': module 'jaxlib.xla_extension' has no attribute 'GpuAllocatorConfig'
2026-07-14 12:24:56,216 - jax._src.xla_bridge - INFO - Unable to initialize backend 'tpu': INTERNAL: Failed to open libtpu.so: libtpu.so: cannot open shared object file: No such file or directory
JAX backend: gpu  devices: [CudaDevice(id=0)]
2026-07-14 12:24:56,627 - autoarray.dataset.imaging.dataset - INFO - IMAGING - Data masked, contains a total of 15361 image-pixels
Model free parameters: 15  |  N_STARTS = 128  |  LM maxiter=100 tol=0.001
Collected 128 finite-gradient z-starts

==================== LM INFEASIBLE ====================
TypeError: can't apply forward-mode autodiff (jvp) to a custom_vjp function.
Levenberg-Marquardt needs the forward-mode residual Jacobian; the NNLS
positive-only inversion is reverse-mode-only (custom_vjp). See header.
=======================================================
########## DONE LM rc=0 12:26:01 ##########
########## RUN GN 12:26:01 ##########
2026-07-14 12:26:03,063 - jax._src.xla_bridge - INFO - Unable to initialize backend 'rocm': module 'jaxlib.xla_extension' has no attribute 'GpuAllocatorConfig'
2026-07-14 12:26:03,064 - jax._src.xla_bridge - INFO - Unable to initialize backend 'tpu': INTERNAL: Failed to open libtpu.so: libtpu.so: cannot open shared object file: No such file or directory
JAX backend: gpu  devices: [CudaDevice(id=0)]
2026-07-14 12:26:03,491 - autoarray.dataset.imaging.dataset - INFO - IMAGING - Data masked, contains a total of 15361 image-pixels
Model free parameters: 15  |  N_STARTS = 128  |  GN maxiter=100 tol=0.001
Collected 128 finite-gradient z-starts

================ GAUSS-NEWTON INFEASIBLE ================
TypeError: can't apply forward-mode autodiff (jvp) to a custom_vjp function.
Gauss-Newton needs the forward-mode residual Jacobian; the NNLS
positive-only inversion is reverse-mode-only (custom_vjp). See
jaxopt_lm_multistart.py header.
========================================================
########## DONE GN rc=0 12:28:32 ##########
########## RUN LBFGS 12:28:32 ##########
2026-07-14 12:28:35,329 - jax._src.xla_bridge - INFO - Unable to initialize backend 'rocm': module 'jaxlib.xla_extension' has no attribute 'GpuAllocatorConfig'
2026-07-14 12:28:35,330 - jax._src.xla_bridge - INFO - Unable to initialize backend 'tpu': INTERNAL: Failed to open libtpu.so: libtpu.so: cannot open shared object file: No such file or directory
JAX backend: gpu  devices: [CudaDevice(id=0)]
2026-07-14 12:28:35,965 - autoarray.dataset.imaging.dataset - INFO - IMAGING - Data masked, contains a total of 15361 image-pixels
Model free parameters: 15  |  N_STARTS = 128  |  L-BFGS maxiter=200 tol=0.001
Collected 128 finite-gradient z-starts

3/128 starts reached the basin (p_hit=0.02); iters used 1..200 (cap 200)

--- multi-start L-BFGS (128x) Results ---
Best fit:        lens.mass.einstein_radius=0.0000  lens.mass.centre=(0.003, -0.038)  shear=(0.2912, 0.2610)
Einstein radius: 0.0000     (truth ~ 1.6)
Max log L:       -149524.8438     (log posterior = -149539.0836, log prior = -14.2398)
Log evidence:    n/a (point optimiser, not nested sampling)

--- Performance ---
Wall time:           644.97 s
Sampling time:       211.80 s     (wall - JIT compile)
JIT compile time:    433.17 s     (one-shot value_and_grad warm-up)
Likelihood evals:    8789     (fwd+grad evals; iterations: 200)
Time per eval:       1059.0 ms     (post-compile fwd+grad)
ESS:                 n/a (point optimiser)
Posterior samples:   n/a (point optimiser)
Sampler config:      n_starts=128, max_iters=200, unconstrained z-space, 3/128 in basin (p_hit=0.02)

--- Evaluation accounting ---
Starts/particles:                128
Actual iterations:               1..200 per start
Max iterations (cap):            200
Batch latency per step (ms):     1059.0
Scalar-equiv objective evals:    8789
Peak GPU memory (MB):            5493.9
Scalar-equiv gradient evals:     8789

--- Convergence ---
Termination:         self-terminating (L-BFGS grad-tol=0.001, cap 200 iters)
Converged:           True
Evals to ML:         1     (first iter within 1 nat of max log posterior)
Time to ML:          644.97 s

Summary written to: /mnt/ral/jnightin/autolens_workspace_developer/searches_minimal/output/jaxopt_lbfgs_multistart_n128_summary.txt

comparison row:
| multi-start L-BFGS (128x)    |    645.0 |    433.2 |     8789 |   -149524.84 |   0.0000 |   self-term |     yes |
########## DONE LBFGS rc=0 12:44:21 ##########
########## RUN BFGS 12:44:21 ##########
2026-07-14 12:44:24,209 - jax._src.xla_bridge - INFO - Unable to initialize backend 'rocm': module 'jaxlib.xla_extension' has no attribute 'GpuAllocatorConfig'
2026-07-14 12:44:24,214 - jax._src.xla_bridge - INFO - Unable to initialize backend 'tpu': INTERNAL: Failed to open libtpu.so: libtpu.so: cannot open shared object file: No such file or directory
JAX backend: gpu  devices: [CudaDevice(id=0)]
2026-07-14 12:44:24,793 - autoarray.dataset.imaging.dataset - INFO - IMAGING - Data masked, contains a total of 15361 image-pixels
Model free parameters: 15  |  N_STARTS = 128  |  BFGS maxiter=200 tol=0.001
Collected 128 finite-gradient z-starts

2/128 starts reached the basin (p_hit=0.02); iters used 1..200 (cap 200)

--- multi-start BFGS (128x) Results ---
Best fit:        lens.mass.einstein_radius=0.0000  lens.mass.centre=(-0.040, -0.100)  shear=(0.3000, 0.2997)
Einstein radius: 0.0000     (truth ~ 1.6)
Max log L:       -627634.4375     (log posterior = -627659.4936, log prior = -25.0561)
Log evidence:    n/a (point optimiser, not nested sampling)

--- Performance ---
Wall time:           622.52 s
Sampling time:       211.56 s     (wall - JIT compile)
JIT compile time:    410.96 s     (one-shot value_and_grad warm-up)
Likelihood evals:    6771     (fwd+grad evals; iterations: 200)
Time per eval:       1057.8 ms     (post-compile fwd+grad)
ESS:                 n/a (point optimiser)
Posterior samples:   n/a (point optimiser)
Sampler config:      n_starts=128, max_iters=200, unconstrained z-space, 2/128 in basin (p_hit=0.02)

--- Evaluation accounting ---
Starts/particles:                128
Actual iterations:               1..200 per start
Max iterations (cap):            200
Batch latency per step (ms):     1057.8
Scalar-equiv objective evals:    6771
Peak GPU memory (MB):            5495.2
Scalar-equiv gradient evals:     6771

--- Convergence ---
Termination:         self-terminating (BFGS grad-tol=0.001, cap 200 iters)
Converged:           True
Evals to ML:         1     (first iter within 1 nat of max log posterior)
Time to ML:          622.52 s

Summary written to: /mnt/ral/jnightin/autolens_workspace_developer/searches_minimal/output/jaxopt_bfgs_multistart_n128_summary.txt

comparison row:
| multi-start BFGS (128x)      |    622.5 |    411.0 |     6771 |   -627634.44 |   0.0000 |   self-term |     yes |
########## DONE BFGS rc=0 12:59:46 ##########
########## RUN NCG 12:59:46 ##########
2026-07-14 12:59:48,958 - jax._src.xla_bridge - INFO - Unable to initialize backend 'rocm': module 'jaxlib.xla_extension' has no attribute 'GpuAllocatorConfig'
2026-07-14 12:59:48,959 - jax._src.xla_bridge - INFO - Unable to initialize backend 'tpu': INTERNAL: Failed to open libtpu.so: libtpu.so: cannot open shared object file: No such file or directory
JAX backend: gpu  devices: [CudaDevice(id=0)]
2026-07-14 12:59:49,376 - autoarray.dataset.imaging.dataset - INFO - IMAGING - Data masked, contains a total of 15361 image-pixels
Model free parameters: 15  |  N_STARTS = 128  |  NCG maxiter=200 tol=0.001
Collected 128 finite-gradient z-starts

0/128 starts reached the basin (p_hit=0.00); iters used 2..200 (cap 200)

--- multi-start NCG (128x) Results ---
Best fit:        lens.mass.einstein_radius=5.6586  lens.mass.centre=(-0.000, 0.000)  shear=(-0.0354, 0.0970)
Einstein radius: 5.6586     (truth ~ 1.6)
Max log L:       -754805.0000     (log posterior = -754816.1111, log prior = -11.1111)
Log evidence:    n/a (point optimiser, not nested sampling)

--- Performance ---
Wall time:           686.17 s
Sampling time:       217.78 s     (wall - JIT compile)
JIT compile time:    468.39 s     (one-shot value_and_grad warm-up)
Likelihood evals:    8233     (fwd+grad evals; iterations: 200)
Time per eval:       1088.9 ms     (post-compile fwd+grad)
ESS:                 n/a (point optimiser)
Posterior samples:   n/a (point optimiser)
Sampler config:      n_starts=128, max_iters=200, unconstrained z-space, 0/128 in basin (p_hit=0.00)

--- Evaluation accounting ---
Starts/particles:                128
Actual iterations:               2..200 per start
Max iterations (cap):            200
Batch latency per step (ms):     1088.9
Scalar-equiv objective evals:    8233
Peak GPU memory (MB):            5508.3
Scalar-equiv gradient evals:     8233

--- Convergence ---
Termination:         self-terminating (NCG grad-tol=0.001, cap 200 iters)
Converged:           False
Evals to ML:         1     (first iter within 1 nat of max log posterior)
Time to ML:          686.17 s

Summary written to: /mnt/ral/jnightin/autolens_workspace_developer/searches_minimal/output/jaxopt_nonlinear_cg_n128_summary.txt

comparison row:
| multi-start NCG (128x)       |    686.2 |    468.4 |     8233 |   -754805.00 |   5.6586 |   self-term |      no |
########## DONE NCG rc=0 13:16:06 ##########
